// Jest Snapshot v1, https://goo.gl/fbAQLP

exports[`Navigation elements renders correctly snapshot test 1`] = `
Object {
  "asFragment": [Function],
  "baseElement": <body>
    <div>
      <div
        class="row"
      >
        <div
          class="row justify-content-center mb-2"
        >
          <div
            class="col-xs-6 col-md-6"
          >
            <a
              class="btn btn-dark w-100"
              href="/sellerapplication"
            >
              Satıcı Başvurusu Oluştur
            </a>
          </div>
        </div>
        <div
          class="row justify-content-center mb-2"
        >
          <div
            class="col-xs-6 col-md-6"
          >
            <a
              class="btn btn-dark w-100"
              href="/buyerapplication"
            >
              Alıcı Başvurusu Oluştur
            </a>
          </div>
        </div>
        <div
          class="row justify-content-center mb-2"
        >
          <div
            class="col-xs-6 col-md-6"
          >
            <a
              class="btn btn-dark w-100"
              href="/applicationstatus"
            >
              Başvuru Durum Sorgula
            </a>
          </div>
        </div>
        <div
          class="row justify-content-center"
        >
          <div
            class="col-xs-6 col-md-6"
          >
            <a
              class="btn btn-dark w-100"
              href="/applicationcancel"
            >
              Başvuru İptal
            </a>
          </div>
        </div>
      </div>
    </div>
  </body>,
  "container": <div>
    <div
      class="row"
    >
      <div
        class="row justify-content-center mb-2"
      >
        <div
          class="col-xs-6 col-md-6"
        >
          <a
            class="btn btn-dark w-100"
            href="/sellerapplication"
          >
            Satıcı Başvurusu Oluştur
          </a>
        </div>
      </div>
      <div
        class="row justify-content-center mb-2"
      >
        <div
          class="col-xs-6 col-md-6"
        >
          <a
            class="btn btn-dark w-100"
            href="/buyerapplication"
          >
            Alıcı Başvurusu Oluştur
          </a>
        </div>
      </div>
      <div
        class="row justify-content-center mb-2"
      >
        <div
          class="col-xs-6 col-md-6"
        >
          <a
            class="btn btn-dark w-100"
            href="/applicationstatus"
          >
            Başvuru Durum Sorgula
          </a>
        </div>
      </div>
      <div
        class="row justify-content-center"
      >
        <div
          class="col-xs-6 col-md-6"
        >
          <a
            class="btn btn-dark w-100"
            href="/applicationcancel"
          >
            Başvuru İptal
          </a>
        </div>
      </div>
    </div>
  </div>,
  "debug": [Function],
  "findAllByAltText": [Function],
  "findAllByDisplayValue": [Function],
  "findAllByLabelText": [Function],
  "findAllByPlaceholderText": [Function],
  "findAllByRole": [Function],
  "findAllByTestId": [Function],
  "findAllByText": [Function],
  "findAllByTitle": [Function],
  "findByAltText": [Function],
  "findByDisplayValue": [Function],
  "findByLabelText": [Function],
  "findByPlaceholderText": [Function],
  "findByRole": [Function],
  "findByTestId": [Function],
  "findByText": [Function],
  "findByTitle": [Function],
  "getAllByAltText": [Function],
  "getAllByDisplayValue": [Function],
  "getAllByLabelText": [Function],
  "getAllByPlaceholderText": [Function],
  "getAllByRole": [Function],
  "getAllByTestId": [Function],
  "getAllByText": [Function],
  "getAllByTitle": [Function],
  "getByAltText": [Function],
  "getByDisplayValue": [Function],
  "getByLabelText": [Function],
  "getByPlaceholderText": [Function],
  "getByRole": [Function],
  "getByTestId": [Function],
  "getByText": [Function],
  "getByTitle": [Function],
  "queryAllByAltText": [Function],
  "queryAllByDisplayValue": [Function],
  "queryAllByLabelText": [Function],
  "queryAllByPlaceholderText": [Function],
  "queryAllByRole": [Function],
  "queryAllByTestId": [Function],
  "queryAllByText": [Function],
  "queryAllByTitle": [Function],
  "queryByAltText": [Function],
  "queryByDisplayValue": [Function],
  "queryByLabelText": [Function],
  "queryByPlaceholderText": [Function],
  "queryByRole": [Function],
  "queryByTestId": [Function],
  "queryByText": [Function],
  "queryByTitle": [Function],
  "rerender": [Function],
  "unmount": [Function],
}
`;
